--Debug1--> Hello
--Debug1--> Earth
--Debug1--> Hello
--Debug1--> Mars
--------Debug2--> A comment at level 2
--------------Debug3--> A comment at level 3
--------------Debug3--> Another comment at level 3
--Debug1--> A comment at level 1
--------------Debug3--> Another comment at level 3
--------Debug2--> Another comment at level 2
--Debug1--> /flux_iceberg
--Debug1--> .
--Debug1--> /Albedo.nc
--Debug1--> .
--Debug1--> Option1=Hello
--Debug1--> Earth
--Debug1--> Option2=Hello
--Debug1--> Mars
